
 Start  Stop   Length Name               Class

 00000H 02C4AH 02C4BH _TEXT              CODE
 02C4BH 02ED9H 0028FH TEST_TEXT          CODE
 02EDAH 02FAFH 000D6H OS_CPU_A_TEXT      CODE
 02FB0H 03185H 001D6H OS_CPU_C_TEXT      CODE
 03186H 03502H 0037DH PC_TEXT            CODE
 03503H 06EECH 039EAH UCOS_II_TEXT       CODE
 06EF0H 06EF0H 00000H _FARDATA           FAR_DATA
 06EF0H 06EF0H 00000H _FARBSS            FAR_BSS
 06EF0H 06EF0H 00000H _OVERLAY_          OVRINFO
 06EF0H 06EF0H 00000H _1STUB_            STUBSEG
 06EF0H 073EDH 004FEH _DATA              DATA
 073EEH 073EFH 00002H _CVTSEG            DATA
 073F0H 073F5H 00006H _SCNSEG            DATA
 073F6H 073F6H 00000H _CONST             CONST
 073F6H 07401H 0000CH _INIT_             INITDATA
 07402H 07402H 00000H _INITEND_          INITDATA
 07402H 07402H 00000H _EXIT_             EXITDATA
 07402H 07402H 00000H _EXITEND_          EXITDATA
 07402H 0D889H 06488H _BSS               BSS
 0D88AH 0D88AH 00000H _BSSEND            BSSEND
 0D890H 0D90FH 00080H _STACK             STACK


Detailed map of segments

 0000:0000 0295 C=CODE   S=_TEXT          G=(none)  M=c0.ASM     ACBP=28
 0000:0295 002D C=CODE   S=_TEXT          G=(none)  M=ATEXIT     ACBP=28
 0000:02C2 003D C=CODE   S=_TEXT          G=(none)  M=DOSFATTR   ACBP=28
 0000:02FF 0093 C=CODE   S=_TEXT          G=(none)  M=EXIT       ACBP=28
 0000:0392 0000 C=CODE   S=_TEXT          G=(none)  M=FILES      ACBP=28
 0000:0392 0000 C=CODE   S=_TEXT          G=(none)  M=FILES2     ACBP=28
 0000:0392 0000 C=CODE   S=_TEXT          G=(none)  M=FMODE      ACBP=28
 0000:0392 0017 C=CODE   S=_TEXT          G=(none)  M=F_LXMUL    ACBP=28
 0000:03A9 0026 C=CODE   S=_TEXT          G=(none)  M=GETDATE    ACBP=28
 0000:03CF 00AE C=CODE   S=_TEXT          G=(none)  M=H_LDIV     ACBP=28
 0000:047D 0021 C=CODE   S=_TEXT          G=(none)  M=H_LLSH     ACBP=28
 0000:049E 0021 C=CODE   S=_TEXT          G=(none)  M=H_LURSH    ACBP=28
 0000:04BF 0060 C=CODE   S=_TEXT          G=(none)  M=H_PADD     ACBP=28
 0000:051F 004B C=CODE   S=_TEXT          G=(none)  M=IOERROR    ACBP=28
 0000:056A 0011 C=CODE   S=_TEXT          G=(none)  M=ISATTY     ACBP=28
 0000:057B 00A2 C=CODE   S=_TEXT          G=(none)  M=LONGTOA    ACBP=28
 0000:061D 0029 C=CODE   S=_TEXT          G=(none)  M=LSEEK      ACBP=28
 0000:0646 00B6 C=CODE   S=_TEXT          G=(none)  M=MKNAME     ACBP=28
 0000:06FC 0021 C=CODE   S=_TEXT          G=(none)  M=N_PCMP     ACBP=28
 0000:071D 00BA C=CODE   S=_TEXT          G=(none)  M=SETUPIO    ACBP=28
 0000:07D7 0000 C=CODE   S=_TEXT          G=(none)  M=STKLEN     ACBP=28
 0000:07D7 0018 C=CODE   S=_TEXT          G=(none)  M=UNLINK     ACBP=28
 0000:07EF 04DB C=CODE   S=_TEXT          G=(none)  M=VPRINTER   ACBP=28
 0000:0CCA 009F C=CODE   S=_TEXT          G=(none)  M=VRAM       ACBP=28
 0000:0D69 0000 C=CODE   S=_TEXT          G=(none)  M=WSCROLL    ACBP=28
 0000:0D69 0034 C=CODE   S=_TEXT          G=(none)  M=_STPCPY    ACBP=28
 0000:0D9D 014E C=CODE   S=_TEXT          G=(none)  M=CPRINTF    ACBP=28
 0000:0EEB 01A5 C=CODE   S=_TEXT          G=(none)  M=CRTINIT    ACBP=28
 0000:1090 001F C=CODE   S=_TEXT          G=(none)  M=CVTFAK     ACBP=28
 0000:10AF 0432 C=CODE   S=_TEXT          G=(none)  M=FARHEAP    ACBP=28
 0000:14E1 0140 C=CODE   S=_TEXT          G=(none)  M=FBRK       ACBP=28
 0000:1621 005E C=CODE   S=_TEXT          G=(none)  M=GETCH      ACBP=28
 0000:167F 00AC C=CODE   S=_TEXT          G=(none)  M=GPTEXT     ACBP=28
 0000:172B 0029 C=CODE   S=_TEXT          G=(none)  M=IOCTL      ACBP=28
 0000:1754 0012 C=CODE   S=_TEXT          G=(none)  M=KBHIT      ACBP=28
 0000:1766 009D C=CODE   S=_TEXT          G=(none)  M=MOVETEXT   ACBP=28
 0000:1803 0017 C=CODE   S=_TEXT          G=(none)  M=PUTCH      ACBP=28
 0000:181A 0004 C=CODE   S=_TEXT          G=(none)  M=REALCVT    ACBP=28
 0000:181E 01C7 C=CODE   S=_TEXT          G=(none)  M=SCREEN     ACBP=28
 0000:19E5 018E C=CODE   S=_TEXT          G=(none)  M=SCROLL     ACBP=28
 0000:1B73 001C C=CODE   S=_TEXT          G=(none)  M=SETBLOCK   ACBP=28
 0000:1B8F 006A C=CODE   S=_TEXT          G=(none)  M=SETJMP     ACBP=28
 0000:1BF9 002C C=CODE   S=_TEXT          G=(none)  M=WHEREXY    ACBP=28
 0000:1C25 001D C=CODE   S=_TEXT          G=(none)  M=CHMODA     ACBP=28
 0000:1C42 0028 C=CODE   S=_TEXT          G=(none)  M=CLOSE      ACBP=28
 0000:1C6A 001E C=CODE   S=_TEXT          G=(none)  M=CLOSEA     ACBP=28
 0000:1C88 00B8 C=CODE   S=_TEXT          G=(none)  M=FCLOSE     ACBP=28
 0000:1D40 00CD C=CODE   S=_TEXT          G=(none)  M=FFLUSH     ACBP=28
 0000:1E0D 0042 C=CODE   S=_TEXT          G=(none)  M=FLUSHALL   ACBP=28
 0000:1E4F 020C C=CODE   S=_TEXT          G=(none)  M=FOPEN      ACBP=28
 0000:205B 001C C=CODE   S=_TEXT          G=(none)  M=FPRINTF    ACBP=28
 0000:2077 01E2 C=CODE   S=_TEXT          G=(none)  M=FSEEK      ACBP=28
 0000:2259 0024 C=CODE   S=_TEXT          G=(none)  M=MEMCPY     ACBP=28
 0000:227D 019C C=CODE   S=_TEXT          G=(none)  M=OPEN       ACBP=28
 0000:2419 004F C=CODE   S=_TEXT          G=(none)  M=OPENA      ACBP=28
 0000:2468 001B C=CODE   S=_TEXT          G=(none)  M=PRINTF     ACBP=28
 0000:2483 03C8 C=CODE   S=_TEXT          G=(none)  M=PUTC       ACBP=28
 0000:284B 011D C=CODE   S=_TEXT          G=(none)  M=SETVBUF    ACBP=28
 0000:2968 0083 C=CODE   S=_TEXT          G=(none)  M=SPRINTF    ACBP=28
 0000:29EB 003F C=CODE   S=_TEXT          G=(none)  M=STRCAT     ACBP=28
 0000:2A2A 001F C=CODE   S=_TEXT          G=(none)  M=STRLEN     ACBP=28
 0000:2A49 0151 C=CODE   S=_TEXT          G=(none)  M=WRITE      ACBP=28
 0000:2B9A 003C C=CODE   S=_TEXT          G=(none)  M=WRITEA     ACBP=28
 0000:2BD6 003D C=CODE   S=_TEXT          G=(none)  M=XFCLOSE    ACBP=28
 0000:2C13 0038 C=CODE   S=_TEXT          G=(none)  M=XFFLUSH    ACBP=28
 02C4:000B 028F C=CODE   S=TEST_TEXT      G=(none)  M=test.c     ACBP=28
 02ED:000A 00D6 C=CODE   S=OS_CPU_A_TEXT  G=(none)  M=\SOFTWARE\uCOS-II\Ix86L\BC45\OS_CPU_A.ASM ACBP=48
 02FB:0000 01D6 C=CODE   S=OS_CPU_C_TEXT  G=(none)  M=os_cpu_c.c ACBP=28
 0318:0006 037D C=CODE   S=PC_TEXT        G=(none)  M=pc.c       ACBP=28
 0350:0003 39EA C=CODE   S=UCOS_II_TEXT   G=(none)  M=ucos_ii.c  ACBP=28
 06EF:0000 0000 C=FAR_DATA S=_FARDATA       G=(none)  M=c0.ASM     ACBP=68
 06EF:0000 0000 C=FAR_BSS S=_FARBSS        G=(none)  M=c0.ASM     ACBP=68
 06EF:0000 0000 C=OVRINFO S=_OVERLAY_      G=(none)  M=c0.ASM     ACBP=68
 06EF:0000 0000 C=STUBSEG S=_1STUB_        G=(none)  M=c0.ASM     ACBP=68
 06EF:0000 0093 C=DATA   S=_DATA          G=DGROUP  M=c0.ASM     ACBP=68
 06EF:0094 0015 C=DATA   S=_DATA          G=DGROUP  M=test.c     ACBP=48
 06EF:00AA 0000 C=DATA   S=_DATA          G=DGROUP  M=\SOFTWARE\uCOS-II\Ix86L\BC45\OS_CPU_A.ASM ACBP=48
 06EF:00AA 0000 C=DATA   S=_DATA          G=DGROUP  M=os_cpu_c.c ACBP=48
 06EF:00AA 001F C=DATA   S=_DATA          G=DGROUP  M=pc.c       ACBP=48
 06EF:00CA 0141 C=DATA   S=_DATA          G=DGROUP  M=ucos_ii.c  ACBP=48
 06EF:020C 0002 C=DATA   S=_DATA          G=DGROUP  M=ATEXIT     ACBP=48
 06EF:020E 0000 C=DATA   S=_DATA          G=DGROUP  M=DOSFATTR   ACBP=48
 06EF:020E 000C C=DATA   S=_DATA          G=DGROUP  M=EXIT       ACBP=48
 06EF:021A 0190 C=DATA   S=_DATA          G=DGROUP  M=FILES      ACBP=48
 06EF:03AA 002A C=DATA   S=_DATA          G=DGROUP  M=FILES2     ACBP=48
 06EF:03D4 0004 C=DATA   S=_DATA          G=DGROUP  M=FMODE      ACBP=48
 06EF:03D8 0000 C=DATA   S=_DATA          G=DGROUP  M=F_LXMUL    ACBP=48
 06EF:03D8 0000 C=DATA   S=_DATA          G=DGROUP  M=GETDATE    ACBP=48
 06EF:03D8 0000 C=DATA   S=_DATA          G=DGROUP  M=H_LDIV     ACBP=48
 06EF:03D8 0000 C=DATA   S=_DATA          G=DGROUP  M=H_LLSH     ACBP=48
 06EF:03D8 0000 C=DATA   S=_DATA          G=DGROUP  M=H_LURSH    ACBP=48
 06EF:03D8 0000 C=DATA   S=_DATA          G=DGROUP  M=H_PADD     ACBP=48
 06EF:03D8 005B C=DATA   S=_DATA          G=DGROUP  M=IOERROR    ACBP=48
 06EF:0434 0000 C=DATA   S=_DATA          G=DGROUP  M=ISATTY     ACBP=48
 06EF:0434 0000 C=DATA   S=_DATA          G=DGROUP  M=LONGTOA    ACBP=48
 06EF:0434 0000 C=DATA   S=_DATA          G=DGROUP  M=LSEEK      ACBP=48
 06EF:0434 0009 C=DATA   S=_DATA          G=DGROUP  M=MKNAME     ACBP=48
 06EF:043E 0000 C=DATA   S=_DATA          G=DGROUP  M=N_PCMP     ACBP=48
 06EF:043E 0000 C=DATA   S=_DATA          G=DGROUP  M=SETUPIO    ACBP=48
 06EF:043E 0002 C=DATA   S=_DATA          G=DGROUP  M=STKLEN     ACBP=48
 06EF:0440 0000 C=DATA   S=_DATA          G=DGROUP  M=UNLINK     ACBP=48
 06EF:0440 0067 C=DATA   S=_DATA          G=DGROUP  M=VPRINTER   ACBP=48
 06EF:04A8 0000 C=DATA   S=_DATA          G=DGROUP  M=VRAM       ACBP=48
 06EF:04A8 0002 C=DATA   S=_DATA          G=DGROUP  M=WSCROLL    ACBP=48
 06EF:04AA 0000 C=DATA   S=_DATA          G=DGROUP  M=_STPCPY    ACBP=48
 06EF:04AA 0000 C=DATA   S=_DATA          G=DGROUP  M=CPRINTF    ACBP=48
 06EF:04AA 0018 C=DATA   S=_DATA          G=DGROUP  M=CRTINIT    ACBP=48
 06EF:04C2 0031 C=DATA   S=_DATA          G=DGROUP  M=CVTFAK     ACBP=48
 06EF:04F4 0000 C=DATA   S=_DATA          G=DGROUP  M=FARHEAP    ACBP=48
 06EF:04F4 0002 C=DATA   S=_DATA          G=DGROUP  M=FBRK       ACBP=48
 06EF:04F6 0000 C=DATA   S=_DATA          G=DGROUP  M=GETCH      ACBP=48
 06EF:04F6 0000 C=DATA   S=_DATA          G=DGROUP  M=GPTEXT     ACBP=48
 06EF:04F6 0000 C=DATA   S=_DATA          G=DGROUP  M=IOCTL      ACBP=48
 06EF:04F6 0002 C=DATA   S=_DATA          G=DGROUP  M=KBHIT      ACBP=48
 06EF:04F8 0000 C=DATA   S=_DATA          G=DGROUP  M=MOVETEXT   ACBP=48
 06EF:04F8 0000 C=DATA   S=_DATA          G=DGROUP  M=PUTCH      ACBP=48
 06EF:04F8 0000 C=DATA   S=_DATA          G=DGROUP  M=REALCVT    ACBP=48
 06EF:04F8 0000 C=DATA   S=_DATA          G=DGROUP  M=SCREEN     ACBP=48
 06EF:04F8 0000 C=DATA   S=_DATA          G=DGROUP  M=SCROLL     ACBP=48
 06EF:04F8 0000 C=DATA   S=_DATA          G=DGROUP  M=SETBLOCK   ACBP=48
 06EF:04F8 0000 C=DATA   S=_DATA          G=DGROUP  M=SETJMP     ACBP=48
 06EF:04F8 0000 C=DATA   S=_DATA          G=DGROUP  M=WHEREXY    ACBP=48
 06EF:04F8 0000 C=DATA   S=_DATA          G=DGROUP  M=CHMODA     ACBP=48
 06EF:04F8 0000 C=DATA   S=_DATA          G=DGROUP  M=CLOSE      ACBP=48
 06EF:04F8 0000 C=DATA   S=_DATA          G=DGROUP  M=CLOSEA     ACBP=48
 06EF:04F8 0000 C=DATA   S=_DATA          G=DGROUP  M=FCLOSE     ACBP=48
 06EF:04F8 0000 C=DATA   S=_DATA          G=DGROUP  M=FFLUSH     ACBP=48
 06EF:04F8 0000 C=DATA   S=_DATA          G=DGROUP  M=FLUSHALL   ACBP=48
 06EF:04F8 0000 C=DATA   S=_DATA          G=DGROUP  M=FOPEN      ACBP=48
 06EF:04F8 0000 C=DATA   S=_DATA          G=DGROUP  M=FPRINTF    ACBP=48
 06EF:04F8 0000 C=DATA   S=_DATA          G=DGROUP  M=FSEEK      ACBP=48
 06EF:04F8 0000 C=DATA   S=_DATA          G=DGROUP  M=MEMCPY     ACBP=48
 06EF:04F8 0000 C=DATA   S=_DATA          G=DGROUP  M=OPEN       ACBP=48
 06EF:04F8 0000 C=DATA   S=_DATA          G=DGROUP  M=OPENA      ACBP=48
 06EF:04F8 0000 C=DATA   S=_DATA          G=DGROUP  M=PRINTF     ACBP=48
 06EF:04F8 0001 C=DATA   S=_DATA          G=DGROUP  M=PUTC       ACBP=48
 06EF:04FA 0004 C=DATA   S=_DATA          G=DGROUP  M=SETVBUF    ACBP=48
 06EF:04FE 0000 C=DATA   S=_DATA          G=DGROUP  M=SPRINTF    ACBP=48
 06EF:04FE 0000 C=DATA   S=_DATA          G=DGROUP  M=STRCAT     ACBP=48
 06EF:04FE 0000 C=DATA   S=_DATA          G=DGROUP  M=STRLEN     ACBP=48
 06EF:04FE 0000 C=DATA   S=_DATA          G=DGROUP  M=WRITE      ACBP=48
 06EF:04FE 0000 C=DATA   S=_DATA          G=DGROUP  M=WRITEA     ACBP=48
 06EF:04FE 0000 C=DATA   S=_DATA          G=DGROUP  M=XFCLOSE    ACBP=48
 06EF:04FE 0000 C=DATA   S=_DATA          G=DGROUP  M=XFFLUSH    ACBP=48
 06EF:04FE 0000 C=DATA   S=_CVTSEG        G=DGROUP  M=c0.ASM     ACBP=48
 06EF:04FE 0002 C=DATA   S=_CVTSEG        G=DGROUP  M=CVTFAK     ACBP=48
 06EF:0500 0000 C=DATA   S=_CVTSEG        G=DGROUP  M=REALCVT    ACBP=48
 06EF:0500 0000 C=DATA   S=_SCNSEG        G=DGROUP  M=c0.ASM     ACBP=48
 06EF:0500 0006 C=DATA   S=_SCNSEG        G=DGROUP  M=CVTFAK     ACBP=48
 06EF:0506 0000 C=CONST  S=_CONST         G=DGROUP  M=c0.ASM     ACBP=48
 06EF:0506 0000 C=INITDATA S=_INIT_         G=DGROUP  M=c0.ASM     ACBP=48
 06EF:0506 0006 C=INITDATA S=_INIT_         G=DGROUP  M=SETUPIO    ACBP=48
 06EF:050C 0006 C=INITDATA S=_INIT_         G=DGROUP  M=CRTINIT    ACBP=48
 06EF:0512 0000 C=INITDATA S=_INITEND_      G=DGROUP  M=c0.ASM     ACBP=28
 06EF:0512 0000 C=EXITDATA S=_EXIT_         G=DGROUP  M=c0.ASM     ACBP=48
 06EF:0512 0000 C=EXITDATA S=_EXITEND_      G=DGROUP  M=c0.ASM     ACBP=28
 06EF:0512 0000 C=BSS    S=_BSS           G=DGROUP  M=c0.ASM     ACBP=48
 06EF:0512 4AA4 C=BSS    S=_BSS           G=DGROUP  M=test.c     ACBP=48
 06EF:4FB6 0001 C=BSS    S=_BSS           G=DGROUP  M=os_cpu_c.c ACBP=48
 06EF:4FB8 001B C=BSS    S=_BSS           G=DGROUP  M=pc.c       ACBP=48
 06EF:4FD4 1936 C=BSS    S=_BSS           G=DGROUP  M=ucos_ii.c  ACBP=48
 06EF:690A 0080 C=BSS    S=_BSS           G=DGROUP  M=ATEXIT     ACBP=48
 06EF:698A 0000 C=BSS    S=_BSS           G=DGROUP  M=DOSFATTR   ACBP=48
 06EF:698A 0000 C=BSS    S=_BSS           G=DGROUP  M=IOERROR    ACBP=48
 06EF:698A 0000 C=BSS    S=_BSS           G=DGROUP  M=ISATTY     ACBP=48
 06EF:698A 0000 C=BSS    S=_BSS           G=DGROUP  M=LONGTOA    ACBP=48
 06EF:698A 0000 C=BSS    S=_BSS           G=DGROUP  M=LSEEK      ACBP=48
 06EF:698A 000D C=BSS    S=_BSS           G=DGROUP  M=MKNAME     ACBP=48
 06EF:6998 0000 C=BSS    S=_BSS           G=DGROUP  M=SETUPIO    ACBP=48
 06EF:6998 0000 C=BSS    S=_BSS           G=DGROUP  M=UNLINK     ACBP=48
 06EF:6998 0000 C=BSS    S=_BSS           G=DGROUP  M=VPRINTER   ACBP=48
 06EF:6998 0000 C=BSS    S=_BSS           G=DGROUP  M=VRAM       ACBP=48
 06EF:6998 0000 C=BSS    S=_BSS           G=DGROUP  M=CRTINIT    ACBP=48
 06EF:6998 0000 C=BSS    S=_BSS           G=DGROUP  M=GETCH      ACBP=48
 06EF:6998 0000 C=BSS    S=_BSS           G=DGROUP  M=IOCTL      ACBP=48
 06EF:6998 0000 C=BSS    S=_BSS           G=DGROUP  M=KBHIT      ACBP=48
 06EF:6998 0000 C=BSS    S=_BSS           G=DGROUP  M=SETBLOCK   ACBP=48
 06EF:6998 0000 C=BSS    S=_BSS           G=DGROUP  M=SETJMP     ACBP=48
 06EF:6998 0000 C=BSS    S=_BSS           G=DGROUP  M=CHMODA     ACBP=48
 06EF:6998 0000 C=BSS    S=_BSS           G=DGROUP  M=CLOSEA     ACBP=48
 06EF:6998 0000 C=BSS    S=_BSS           G=DGROUP  M=MEMCPY     ACBP=48
 06EF:6998 0000 C=BSS    S=_BSS           G=DGROUP  M=OPEN       ACBP=48
 06EF:6998 0000 C=BSS    S=_BSS           G=DGROUP  M=OPENA      ACBP=48
 06EF:6998 0001 C=BSS    S=_BSS           G=DGROUP  M=PUTC       ACBP=48
 06EF:699A 0000 C=BSS    S=_BSS           G=DGROUP  M=STRCAT     ACBP=48
 06EF:699A 0000 C=BSS    S=_BSS           G=DGROUP  M=STRLEN     ACBP=48
 06EF:699A 0000 C=BSS    S=_BSS           G=DGROUP  M=WRITEA     ACBP=48
 06EF:699A 0000 C=BSSEND S=_BSSEND        G=DGROUP  M=c0.ASM     ACBP=28
 0D89:0000 0080 C=STACK  S=_STACK         G=(none)  M=c0.ASM     ACBP=74

  Address         Publics by Name

 06EF:0000 idle  DATASEG@
 0000:0291 idle  DGROUP@
 0000:03D2 idle  F_LDIV@
 0000:03E1 idle  F_LMOD@
 0000:03D9       F_LUDIV@
 0000:03E9 idle  F_LUMOD@
 0000:0480       F_LXLSH@
 0000:0392       F_LXMUL@
 0000:04A1       F_LXURSH@
 0000:04C2 idle  F_PADD@
 0000:04F1 idle  F_PSUB@
 0000:03D2 idle  LDIV@
 0000:03E1 idle  LMOD@
 0000:03D9 idle  LUDIV@
 0000:03E9 idle  LUMOD@
 0000:0480 idle  LXLSH@
 0000:0392 idle  LXMUL@
 0000:04A1 idle  LXURSH@
 0000:03CF idle  N_LDIV@
 0000:03DE idle  N_LMOD@
 0000:03D6 idle  N_LUDIV@
 0000:03E6 idle  N_LUMOD@
 0000:047D       N_LXLSH@
 0000:049E idle  N_LXURSH@
 0000:04BF       N_PADD@
 0000:06FC       N_PCMP@
 0000:04EE idle  N_PSUB@
 0000:04C2 idle  PADD@
 0000:04F1 idle  PSUB@
 0000:027A       _abort
 06EF:0516 idle  _AckMbox
 0000:0295 idle  _atexit
 0000:1C42       _close
 0000:0ECF idle  _cprintf
 06EF:151E       _CtxSwMessage
 06EF:0094       _CtxSwMessageTop
 06EF:04B9       _directvideo
 06EF:007F       _errno
 0000:0357       _exit
 0000:11EF idle  _farfree
 0000:1303 idle  _farmalloc
 0000:1467 idle  _farrealloc
 0000:1C88       _fclose
 0000:1D40       _fflush
 0000:1E0D       _flushall
 0000:2026       _fopen
 0000:205B       _fprintf
 06EF:051A idle  _fptr
 0000:249F idle  _fputc
 0000:2634 idle  _fputchar
 0000:11EF       _free
 0000:20F9       _fseek
 0000:2179 idle  _ftell
 0000:1621       _getch
 0000:163D idle  _getche
 0000:03A9       _getdate
 0000:167F       _gettext
 0000:03BC       _gettime
 0000:172B       _ioctl
 0000:056A       _isatty
 0000:1754       _kbhit
 0000:1BC5       _longjmp
 0000:061D       _lseek
 02C4:000B       _main
 0000:12F9       _malloc
 0000:2259       _memcpy
 0000:1766       _movetext
 0000:22AA       _open
 06EF:683A idle  _OSCPUUsage
 02ED:0028       _OSCtxSw
 06EF:6906       _OSCtxSwCtr
 06EF:6902 idle  _OSEventFreeList
 06EF:6862 idle  _OSEventTbl
 0350:0998 idle  _OSFlagAccept
 0350:0ACA idle  _OSFlagCreate
 0350:0B42 idle  _OSFlagDel
 06EF:683B idle  _OSFlagFreeList
 0350:0C84 idle  _OSFlagPend
 0350:0EDE idle  _OSFlagPost
 0350:107E idle  _OSFlagQuery
 06EF:683F idle  _OSFlagTbl
 06EF:641D idle  _OSIdleCtr
 06EF:6836 idle  _OSIdleCtrMax
 06EF:6832 idle  _OSIdleCtrRun
 0350:0003       _OSInit
 02FB:0000       _OSInitHookBegin
 02FB:0001       _OSInitHookEnd
 02ED:0063       _OSIntCtxSw
 0350:003B idle  _OSIntEnter
 0350:004E       _OSIntExit
 06EF:642F idle  _OSIntExitY
 06EF:6430       _OSIntNesting
 06EF:642E idle  _OSLockNesting
 06EF:00CA idle  _OSMapTbl
 0350:130E idle  _OSMboxAccept
 0350:1359 idle  _OSMboxCreate
 0350:13CE idle  _OSMboxDel
 0350:14EC idle  _OSMboxPend
 0350:15EE idle  _OSMboxPost
 0350:1666 idle  _OSMboxPostOpt
 0350:1709 idle  _OSMboxQuery
 0350:17FD idle  _OSMemCreate
 06EF:5194 idle  _OSMemFreeList
 0350:1948 idle  _OSMemGet
 0350:19C6 idle  _OSMemPut
 0350:1A36 idle  _OSMemQuery
 06EF:50CC idle  _OSMemTbl
 0350:1B83 idle  _OSMutexAccept
 0350:1C0E idle  _OSMutexCreate
 0350:1CF4 idle  _OSMutexDel
 0350:1E4E idle  _OSMutexPend
 0350:2039 idle  _OSMutexPost
 0350:21C1 idle  _OSMutexQuery
 06EF:642D       _OSPrioCur
 06EF:642C       _OSPrioHighRdy
 0350:22DC idle  _OSQAccept
 0350:237C idle  _OSQCreate
 0350:249F idle  _OSQDel
 0350:261C idle  _OSQFlush
 06EF:50C8 idle  _OSQFreeList
 0350:2674 idle  _OSQPend
 0350:27BA idle  _OSQPost
 0350:2882 idle  _OSQPostFront
 0350:2944 idle  _OSQPostOpt
 0350:2A82 idle  _OSQQuery
 06EF:4FD8 idle  _OSQTbl
 06EF:642B idle  _OSRdyGrp
 06EF:6423 idle  _OSRdyTbl
 06EF:6422       _OSRunning
 0350:0106 idle  _OSSchedLock
 0350:011C idle  _OSSchedUnlock
 0350:2C0D idle  _OSSemAccept
 0350:2C3F idle  _OSSemCreate
 0350:2CB3 idle  _OSSemDel
 0350:2DD1 idle  _OSSemPend
 0350:2E81 idle  _OSSemPost
 0350:2EDB idle  _OSSemQuery
 0350:0149       _OSStart
 02ED:000A       _OSStartHighRdy
 0350:01D5       _OSStatInit
 06EF:6831 idle  _OSStatRdy
 0350:2FC7 idle  _OSTaskChangePrio
 0350:3193 idle  _OSTaskCreate
 0350:3250       _OSTaskCreateExt
 02FB:0002       _OSTaskCreateHook
 06EF:6421 idle  _OSTaskCtr
 0350:3340 idle  _OSTaskDel
 02FB:0007       _OSTaskDelHook
 0350:351F idle  _OSTaskDelReq
 02FB:000C       _OSTaskIdleHook
 06EF:601D idle  _OSTaskIdleStk
 0350:379D idle  _OSTaskQuery
 0350:358B idle  _OSTaskResume
 02FB:000D       _OSTaskStatHook
 06EF:6431 idle  _OSTaskStatStk
 0350:360A idle  _OSTaskStkChk
 02FB:000E       _OSTaskStkInit
 02FB:00F4 idle  _OSTaskStkInit_FPE_x86
 0350:36EF idle  _OSTaskSuspend
 02FB:01CF       _OSTaskSwHook
 06EF:6019       _OSTCBCur
 06EF:6015 idle  _OSTCBFreeList
 06EF:6011       _OSTCBHighRdy
 02FB:01D0       _OSTCBInitHook
 06EF:600D idle  _OSTCBList
 06EF:5F0D idle  _OSTCBPrioTbl
 06EF:5198 idle  _OSTCBTbl
 06EF:4FB6       _OSTickDOSCtr
 02ED:0090       _OSTickISR
 06EF:4FD4 idle  _OSTime
 0350:380B       _OSTimeDly
 0350:3852 idle  _OSTimeDlyHMSM
 0350:3941 idle  _OSTimeDlyResume
 0350:39B9       _OSTimeGet
 0350:39D8 idle  _OSTimeSet
 0350:0210       _OSTimeTick
 02FB:01D5       _OSTimeTickHook
 06EF:00D2 idle  _OSUnMapTbl
 0350:02AF idle  _OSVersion
 0350:02B3 idle  _OS_Dummy
 0350:02B4 idle  _OS_EventTaskRdy
 0350:037E idle  _OS_EventTaskWait
 0350:03EB idle  _OS_EventTO
 0350:043F idle  _OS_EventWaitListInit
 0350:11A0 idle  _OS_FlagInit
 0350:125F idle  _OS_FlagUnlink
 0350:1ADF idle  _OS_MemInit
 0350:2BBD idle  _OS_QInit
 0350:0675 idle  _OS_Sched
 0350:0714 idle  _OS_TaskIdle
 0350:0739 idle  _OS_TaskStat
 0350:0805 idle  _OS_TCBInit
 0318:0006 idle  _PC_DispChar
 0318:0044 idle  _PC_DispClrCol
 0318:008A idle  _PC_DispClrRow
 0318:00C3       _PC_DispClrScr
 0318:00F4 idle  _PC_DispStr
 0318:0143       _PC_DOSReturn
 0318:0157       _PC_DOSSaveReturn
 0318:01C5       _PC_ElapsedInit
 0318:01D9 idle  _PC_ElapsedStart
 0318:01FF idle  _PC_ElapsedStop
 0318:0250 idle  _PC_GetDateTime
 0318:02A3       _PC_GetKey
 0318:02CA       _PC_SetTickRate
 06EF:4FB8 idle  _PC_TickISR
 0318:0317 idle  _PC_VectGet
 0318:034E       _PC_VectSet
 0000:2468       _printf
 06EF:051E idle  _PrintTaskStk
 0000:1803       _putch
 0000:16D5       _puttext
 0000:1460 idle  _realloc
 0000:1B73       _setblock
 0000:1B8F       _setjmp
 0000:284B       _setvbuf
 0000:29A8       _sprintf
 0000:29EB       _strcat
 0000:2A2A       _strlen
 02C4:01D2 idle  _Task1
 06EF:0D1E idle  _Task1Stk
 02C4:0236 idle  _Task2
 06EF:091E idle  _Task2Stk
 02C4:007F idle  _TaskStart
 06EF:111E idle  _TaskStartStk
 06EF:0512 idle  _TxMbox
 0000:1661 idle  _ungetch
 0000:07D7       _unlink
 0000:29CA idle  _vsprintf
 0000:1C03 idle  _wherex
 0000:1C12 idle  _wherey
 0000:1000 idle  __AHINCR
 0000:000C idle  __AHSHIFT
 06EF:020C       __atexitcnt
 06EF:690A       __atexittbl
 0000:1557       __brk
 06EF:008B       __brklvl
 06EF:006B idle  __C0argc
 06EF:006D idle  __C0argv
 0000:0FB1 idle  __c0crtinit
 06EF:0071 idle  __C0environ
 06EF:04F7       __cChar
 0000:0378 idle  __cexit
 06EF:04F6       __cFlag
 0000:016A       __checknull
 0000:1C25       __chmod
 0000:0157       __cleanup
 0000:1C6A       __close
 0000:0D9D       __CPUTN
 0000:0FCE idle  __crtinit
 0000:0000  Abs  __cvtfak
 0000:0386 idle  __c_exit
 06EF:03D8       __doserrno
 0000:0558       __DOSERROR
 06EF:03DA idle  __dosErrorToSV
 0000:02C2       __dos_getfileattr
 0000:02E2 idle  __dos_setfileattr
 06EF:0075 idle  __envLng
 06EF:0077 idle  __envseg
 06EF:0079 idle  __envSize
 0000:0366       __exit
 06EF:020E       __exitbuf
 06EF:0212       __exitfopen
 06EF:0216 idle  __exitopen
 06EF:03D4       __fmode
 0000:2483 idle  __fputc
 0000:2648       __FPUTN
 0000:1FDC idle  __GETFP
 06EF:0087       __heapbase
 06EF:008F       __heaptop
 06EF:005B idle  __Int0Vector
 06EF:005F idle  __Int4Vector
 06EF:0063 idle  __Int5Vector
 06EF:0067 idle  __Int6Vector
 0000:051F       __IOERROR
 0000:057B       __LONGTOA
 0000:0646       __MKNAME
 0000:0293 idle  __MMODEL
 06EF:03AA       __nfile
 0000:163A idle  __Ngetche
 06EF:03D6       __notUmask
 0000:165E idle  __Nungetch
 0000:2419       __open
 06EF:03AC       __openfd
 0000:1F0B idle  __OPENFP
 06EF:007D idle  __osmajor
 06EF:007E idle  __osminor
 06EF:007D idle  __osversion
 06EF:007B       __psp
 0000:181A       __REALCVT
 06EF:04FE       __RealCvtVector
 0000:01C0       __restorezero
 0000:1596       __sbrk
 06EF:0500 idle  __ScanTodVector
 0000:1954       __SCREENIO
 0000:1A07       __SCROLL
 0000:071D       __setupio
 06EF:0081 idle  __StartTime
 06EF:043E       __stklen
 0000:0D69       __stpcpy
 06EF:021A       __streams
 0000:016B       __terminate
 0000:06A3 idle  __TMPNAM
 0000:0000 idle  __turboCrt
 0000:05FD       __UTOA
 0000:1990       __VALIDATEXY
 06EF:007D idle  __version
 06EF:04AA       __video
 0000:0F26       __VideoInt
 0000:0807       __VPRINTER
 0000:0CCA       __VPTR
 0000:0CEF       __VRAM
 0000:1BF9       __wherexy
 0000:2B9A       __write
 06EF:04A8       __wscroll
 0000:2BD6       __xfclose
 0000:2C13       __xfflush
 06EF:0085 idle  ___brklvl
 0000:10AF idle  ___first
 0000:10B1 idle  ___last
 0000:10B3 idle  ___rover
 0000:2A49       ___write

  Address         Publics by Value

 0000:0000 idle  __turboCrt
 0000:0000  Abs  __cvtfak
 0000:000C idle  __AHSHIFT
 0000:0157       __cleanup
 0000:016A       __checknull
 0000:016B       __terminate
 0000:01C0       __restorezero
 0000:027A       _abort
 0000:0291 idle  DGROUP@
 0000:0293 idle  __MMODEL
 0000:0295 idle  _atexit
 0000:02C2       __dos_getfileattr
 0000:02E2 idle  __dos_setfileattr
 0000:0357       _exit
 0000:0366       __exit
 0000:0378 idle  __cexit
 0000:0386 idle  __c_exit
 0000:0392       F_LXMUL@
 0000:0392 idle  LXMUL@
 0000:03A9       _getdate
 0000:03BC       _gettime
 0000:03CF idle  N_LDIV@
 0000:03D2 idle  LDIV@
 0000:03D2 idle  F_LDIV@
 0000:03D6 idle  N_LUDIV@
 0000:03D9       F_LUDIV@
 0000:03D9 idle  LUDIV@
 0000:03DE idle  N_LMOD@
 0000:03E1 idle  F_LMOD@
 0000:03E1 idle  LMOD@
 0000:03E6 idle  N_LUMOD@
 0000:03E9 idle  LUMOD@
 0000:03E9 idle  F_LUMOD@
 0000:047D       N_LXLSH@
 0000:0480       F_LXLSH@
 0000:0480 idle  LXLSH@
 0000:049E idle  N_LXURSH@
 0000:04A1       F_LXURSH@
 0000:04A1 idle  LXURSH@
 0000:04BF       N_PADD@
 0000:04C2 idle  F_PADD@
 0000:04C2 idle  PADD@
 0000:04EE idle  N_PSUB@
 0000:04F1 idle  F_PSUB@
 0000:04F1 idle  PSUB@
 0000:051F       __IOERROR
 0000:0558       __DOSERROR
 0000:056A       _isatty
 0000:057B       __LONGTOA
 0000:05FD       __UTOA
 0000:061D       _lseek
 0000:0646       __MKNAME
 0000:06A3 idle  __TMPNAM
 0000:06FC       N_PCMP@
 0000:071D       __setupio
 0000:07D7       _unlink
 0000:0807       __VPRINTER
 0000:0CCA       __VPTR
 0000:0CEF       __VRAM
 0000:0D69       __stpcpy
 0000:0D9D       __CPUTN
 0000:0ECF idle  _cprintf
 0000:0F26       __VideoInt
 0000:0FB1 idle  __c0crtinit
 0000:0FCE idle  __crtinit
 0000:1000 idle  __AHINCR
 0000:10AF idle  ___first
 0000:10B1 idle  ___last
 0000:10B3 idle  ___rover
 0000:11EF       _free
 0000:11EF idle  _farfree
 0000:12F9       _malloc
 0000:1303 idle  _farmalloc
 0000:1460 idle  _realloc
 0000:1467 idle  _farrealloc
 0000:1557       __brk
 0000:1596       __sbrk
 0000:1621       _getch
 0000:163A idle  __Ngetche
 0000:163D idle  _getche
 0000:165E idle  __Nungetch
 0000:1661 idle  _ungetch
 0000:167F       _gettext
 0000:16D5       _puttext
 0000:172B       _ioctl
 0000:1754       _kbhit
 0000:1766       _movetext
 0000:1803       _putch
 0000:181A       __REALCVT
 0000:1954       __SCREENIO
 0000:1990       __VALIDATEXY
 0000:1A07       __SCROLL
 0000:1B73       _setblock
 0000:1B8F       _setjmp
 0000:1BC5       _longjmp
 0000:1BF9       __wherexy
 0000:1C03 idle  _wherex
 0000:1C12 idle  _wherey
 0000:1C25       __chmod
 0000:1C42       _close
 0000:1C6A       __close
 0000:1C88       _fclose
 0000:1D40       _fflush
 0000:1E0D       _flushall
 0000:1F0B idle  __OPENFP
 0000:1FDC idle  __GETFP
 0000:2026       _fopen
 0000:205B       _fprintf
 0000:20F9       _fseek
 0000:2179 idle  _ftell
 0000:2259       _memcpy
 0000:22AA       _open
 0000:2419       __open
 0000:2468       _printf
 0000:2483 idle  __fputc
 0000:249F idle  _fputc
 0000:2634 idle  _fputchar
 0000:2648       __FPUTN
 0000:284B       _setvbuf
 0000:29A8       _sprintf
 0000:29CA idle  _vsprintf
 0000:29EB       _strcat
 0000:2A2A       _strlen
 0000:2A49       ___write
 0000:2B9A       __write
 0000:2BD6       __xfclose
 0000:2C13       __xfflush
 02C4:000B       _main
 02C4:007F idle  _TaskStart
 02C4:01D2 idle  _Task1
 02C4:0236 idle  _Task2
 02ED:000A       _OSStartHighRdy
 02ED:0028       _OSCtxSw
 02ED:0063       _OSIntCtxSw
 02ED:0090       _OSTickISR
 02FB:0000       _OSInitHookBegin
 02FB:0001       _OSInitHookEnd
 02FB:0002       _OSTaskCreateHook
 02FB:0007       _OSTaskDelHook
 02FB:000C       _OSTaskIdleHook
 02FB:000D       _OSTaskStatHook
 02FB:000E       _OSTaskStkInit
 02FB:00F4 idle  _OSTaskStkInit_FPE_x86
 02FB:01CF       _OSTaskSwHook
 02FB:01D0       _OSTCBInitHook
 02FB:01D5       _OSTimeTickHook
 0318:0006 idle  _PC_DispChar
 0318:0044 idle  _PC_DispClrCol
 0318:008A idle  _PC_DispClrRow
 0318:00C3       _PC_DispClrScr
 0318:00F4 idle  _PC_DispStr
 0318:0143       _PC_DOSReturn
 0318:0157       _PC_DOSSaveReturn
 0318:01C5       _PC_ElapsedInit
 0318:01D9 idle  _PC_ElapsedStart
 0318:01FF idle  _PC_ElapsedStop
 0318:0250 idle  _PC_GetDateTime
 0318:02A3       _PC_GetKey
 0318:02CA       _PC_SetTickRate
 0318:0317 idle  _PC_VectGet
 0318:034E       _PC_VectSet
 0350:0003       _OSInit
 0350:003B idle  _OSIntEnter
 0350:004E       _OSIntExit
 0350:0106 idle  _OSSchedLock
 0350:011C idle  _OSSchedUnlock
 0350:0149       _OSStart
 0350:01D5       _OSStatInit
 0350:0210       _OSTimeTick
 0350:02AF idle  _OSVersion
 0350:02B3 idle  _OS_Dummy
 0350:02B4 idle  _OS_EventTaskRdy
 0350:037E idle  _OS_EventTaskWait
 0350:03EB idle  _OS_EventTO
 0350:043F idle  _OS_EventWaitListInit
 0350:0675 idle  _OS_Sched
 0350:0714 idle  _OS_TaskIdle
 0350:0739 idle  _OS_TaskStat
 0350:0805 idle  _OS_TCBInit
 0350:0998 idle  _OSFlagAccept
 0350:0ACA idle  _OSFlagCreate
 0350:0B42 idle  _OSFlagDel
 0350:0C84 idle  _OSFlagPend
 0350:0EDE idle  _OSFlagPost
 0350:107E idle  _OSFlagQuery
 0350:11A0 idle  _OS_FlagInit
 0350:125F idle  _OS_FlagUnlink
 0350:130E idle  _OSMboxAccept
 0350:1359 idle  _OSMboxCreate
 0350:13CE idle  _OSMboxDel
 0350:14EC idle  _OSMboxPend
 0350:15EE idle  _OSMboxPost
 0350:1666 idle  _OSMboxPostOpt
 0350:1709 idle  _OSMboxQuery
 0350:17FD idle  _OSMemCreate
 0350:1948 idle  _OSMemGet
 0350:19C6 idle  _OSMemPut
 0350:1A36 idle  _OSMemQuery
 0350:1ADF idle  _OS_MemInit
 0350:1B83 idle  _OSMutexAccept
 0350:1C0E idle  _OSMutexCreate
 0350:1CF4 idle  _OSMutexDel
 0350:1E4E idle  _OSMutexPend
 0350:2039 idle  _OSMutexPost
 0350:21C1 idle  _OSMutexQuery
 0350:22DC idle  _OSQAccept
 0350:237C idle  _OSQCreate
 0350:249F idle  _OSQDel
 0350:261C idle  _OSQFlush
 0350:2674 idle  _OSQPend
 0350:27BA idle  _OSQPost
 0350:2882 idle  _OSQPostFront
 0350:2944 idle  _OSQPostOpt
 0350:2A82 idle  _OSQQuery
 0350:2BBD idle  _OS_QInit
 0350:2C0D idle  _OSSemAccept
 0350:2C3F idle  _OSSemCreate
 0350:2CB3 idle  _OSSemDel
 0350:2DD1 idle  _OSSemPend
 0350:2E81 idle  _OSSemPost
 0350:2EDB idle  _OSSemQuery
 0350:2FC7 idle  _OSTaskChangePrio
 0350:3193 idle  _OSTaskCreate
 0350:3250       _OSTaskCreateExt
 0350:3340 idle  _OSTaskDel
 0350:351F idle  _OSTaskDelReq
 0350:358B idle  _OSTaskResume
 0350:360A idle  _OSTaskStkChk
 0350:36EF idle  _OSTaskSuspend
 0350:379D idle  _OSTaskQuery
 0350:380B       _OSTimeDly
 0350:3852 idle  _OSTimeDlyHMSM
 0350:3941 idle  _OSTimeDlyResume
 0350:39B9       _OSTimeGet
 0350:39D8 idle  _OSTimeSet
 06EF:0000 idle  DATASEG@
 06EF:005B idle  __Int0Vector
 06EF:005F idle  __Int4Vector
 06EF:0063 idle  __Int5Vector
 06EF:0067 idle  __Int6Vector
 06EF:006B idle  __C0argc
 06EF:006D idle  __C0argv
 06EF:0071 idle  __C0environ
 06EF:0075 idle  __envLng
 06EF:0077 idle  __envseg
 06EF:0079 idle  __envSize
 06EF:007B       __psp
 06EF:007D idle  __osversion
 06EF:007D idle  __osmajor
 06EF:007D idle  __version
 06EF:007E idle  __osminor
 06EF:007F       _errno
 06EF:0081 idle  __StartTime
 06EF:0085 idle  ___brklvl
 06EF:0087       __heapbase
 06EF:008B       __brklvl
 06EF:008F       __heaptop
 06EF:0094       _CtxSwMessageTop
 06EF:00CA idle  _OSMapTbl
 06EF:00D2 idle  _OSUnMapTbl
 06EF:020C       __atexitcnt
 06EF:020E       __exitbuf
 06EF:0212       __exitfopen
 06EF:0216 idle  __exitopen
 06EF:021A       __streams
 06EF:03AA       __nfile
 06EF:03AC       __openfd
 06EF:03D4       __fmode
 06EF:03D6       __notUmask
 06EF:03D8       __doserrno
 06EF:03DA idle  __dosErrorToSV
 06EF:043E       __stklen
 06EF:04A8       __wscroll
 06EF:04AA       __video
 06EF:04B9       _directvideo
 06EF:04F6       __cFlag
 06EF:04F7       __cChar
 06EF:04FE       __RealCvtVector
 06EF:0500 idle  __ScanTodVector
 06EF:0512 idle  _TxMbox
 06EF:0516 idle  _AckMbox
 06EF:051A idle  _fptr
 06EF:051E idle  _PrintTaskStk
 06EF:091E idle  _Task2Stk
 06EF:0D1E idle  _Task1Stk
 06EF:111E idle  _TaskStartStk
 06EF:151E       _CtxSwMessage
 06EF:4FB6       _OSTickDOSCtr
 06EF:4FB8 idle  _PC_TickISR
 06EF:4FD4 idle  _OSTime
 06EF:4FD8 idle  _OSQTbl
 06EF:50C8 idle  _OSQFreeList
 06EF:50CC idle  _OSMemTbl
 06EF:5194 idle  _OSMemFreeList
 06EF:5198 idle  _OSTCBTbl
 06EF:5F0D idle  _OSTCBPrioTbl
 06EF:600D idle  _OSTCBList
 06EF:6011       _OSTCBHighRdy
 06EF:6015 idle  _OSTCBFreeList
 06EF:6019       _OSTCBCur
 06EF:601D idle  _OSTaskIdleStk
 06EF:641D idle  _OSIdleCtr
 06EF:6421 idle  _OSTaskCtr
 06EF:6422       _OSRunning
 06EF:6423 idle  _OSRdyTbl
 06EF:642B idle  _OSRdyGrp
 06EF:642C       _OSPrioHighRdy
 06EF:642D       _OSPrioCur
 06EF:642E idle  _OSLockNesting
 06EF:642F idle  _OSIntExitY
 06EF:6430       _OSIntNesting
 06EF:6431 idle  _OSTaskStatStk
 06EF:6831 idle  _OSStatRdy
 06EF:6832 idle  _OSIdleCtrRun
 06EF:6836 idle  _OSIdleCtrMax
 06EF:683A idle  _OSCPUUsage
 06EF:683B idle  _OSFlagFreeList
 06EF:683F idle  _OSFlagTbl
 06EF:6862 idle  _OSEventTbl
 06EF:6902 idle  _OSEventFreeList
 06EF:6906       _OSCtxSwCtr
 06EF:690A       __atexittbl

Program entry point at 0000:0000

